17:40:14 **** Incremental Build of configuration Debug for project Test_Encoder_02 ****
make all 
make: Nessuna operazione da eseguire per "all".
17:41:19 **** Incremental Build of configuration Debug for project Test_Encoder_02 ****
make all 
Building target: Test_Encoder_02.elf
Invoking: MCU GCC Linker
arm-none-eabi-floatgcc -mcpu=cortex-m4 -mthumb -mfloat-abi=hard -mfpu=fpv4-sp-d16 -specs=nosys.specs -specs=nano.specs -T"../STM32F446RETx_FLASH.ld" -Wl,-Map=output.map -Wl,--gc-sections -o "Test_Encoder_02.elf" @"objects.list"   -lm
/bin/sh: 1: arm-none-eabi-floatgcc: not found
makefile:35: set di istruzioni per l'obiettivo "Test_Encoder_02.elf" non riuscito
make: *** [Test_Encoder_02.elf] Errore 127
17:43:44 **** Incremental Build of configuration Debug for project Test_Encoder_02 ****
make all 
Building target: Test_Encoder_02.elf
Invoking: MCU GCC Linker
arm-none-eabi-gcc -mcpu=cortex-m4 -mthumb -mfloat-abi=hard -mfpu=fpv4-sp-d16 -specs=nosys.specs -specs=nano.specs-u_printf_float -T"../STM32F446RETx_FLASH.ld" -Wl,-Map=output.map -Wl,--gc-sections -o "Test_Encoder_02.elf" @"objects.list"   -lm
arm-none-eabi-gcc: error: nano.specs-u_printf_float: No such file or directory
makefile:35: set di istruzioni per l'obiettivo "Test_Encoder_02.elf" non riuscito
make: *** [Test_Encoder_02.elf] Errore 1
17:44:26 **** Incremental Build of configuration Debug for project Test_Encoder_02 ****
make all 
Building file: ../Src/main.c
Invoking: MCU GCC Compiler
/media/filippo/DATA/Programmazione/STM/MINE/Test_Encoder_02/Debug
arm-none-eabi-gcc -mcpu=cortex-m4 -mthumb -mfloat-abi=hard -mfpu=fpv4-sp-d16 '-D__weak=__attribute__((weak))' '-D__packed="__attribute__((__packed__))"' -DUSE_HAL_DRIVER -DSTM32F446xx -I"/media/filippo/DATA/Programmazione/STM/MINE/Test_Encoder_02/Inc" -I"/media/filippo/DATA/Programmazione/STM/MINE/Test_Encoder_02/Drivers/STM32F4xx_HAL_Driver/Inc" -I"/media/filippo/DATA/Programmazione/STM/MINE/Test_Encoder_02/Drivers/STM32F4xx_HAL_Driver/Inc/Legacy" -I"/media/filippo/DATA/Programmazione/STM/MINE/Test_Encoder_02/Drivers/CMSIS/Device/ST/STM32F4xx/Include" -I"/media/filippo/DATA/Programmazione/STM/MINE/Test_Encoder_02/Drivers/CMSIS/Include"  -Og -g3 -Wall -fmessage-length=0 -ffunction-sections -c -fmessage-length=0 -MMD -MP -MF"Src/main.d" -MT"Src/main.o" -o "Src/main.o" "../Src/main.c"
../Src/main.c:61:26: warning: 's_TimerInstance' defined but not used [-Wunused-variable]
 static TIM_HandleTypeDef s_TimerInstance = {.Instance = TIM2};
                          ^~~~~~~~~~~~~~~
Finished building: ../Src/main.c
 
Building target: Test_Encoder_02.elf
Invoking: MCU GCC Linker
arm-none-eabi-gcc -mcpu=cortex-m4 -mthumb -mfloat-abi=hard -mfpu=fpv4-sp-d16 -specs=nosys.specs -specs=nano.specs-u_printf_float -T"../STM32F446RETx_FLASH.ld" -Wl,-Map=output.map -Wl,--gc-sections -o "Test_Encoder_02.elf" @"objects.list"   -lm
arm-none-eabi-gcc: error: nano.specs-u_printf_float: No such file or directory
makefile:35: set di istruzioni per l'obiettivo "Test_Encoder_02.elf" non riuscito
make: *** [Test_Encoder_02.elf] Errore 1
17:45:29 **** Incremental Build of configuration Debug for project Test_Encoder_02 ****
make all 
Building target: Test_Encoder_02.elf
Invoking: MCU GCC Linker
arm-none-eabi-gcc -mcpu=cortex-m4 -mthumb -mfloat-abi=hard -mfpu=fpv4-sp-d16 -specs=nosys.specs -specs=nano.specs-u_printf_float -T"../STM32F446RETx_FLASH.ld" -Wl,-Map=output.map -Wl,--gc-sections -o "Test_Encoder_02.elf" @"objects.list"   -lm
arm-none-eabi-gcc: error: nano.specs-u_printf_float: No such file or directory
makefile:35: set di istruzioni per l'obiettivo "Test_Encoder_02.elf" non riuscito
make: *** [Test_Encoder_02.elf] Errore 1
17:46:09 **** Incremental Build of configuration Debug for project Test_Encoder_02 ****
make all 
Building file: ../Src/main.c
Invoking: MCU GCC Compiler
/media/filippo/DATA/Programmazione/STM/MINE/Test_Encoder_02/Debug
arm-none-eabi-gcc -mcpu=cortex-m4 -mthumb -mfloat-abi=hard -mfpu=fpv4-sp-d16 '-D__weak=__attribute__((weak))' '-D__packed="__attribute__((__packed__))"' -DUSE_HAL_DRIVER -DSTM32F446xx -I"/media/filippo/DATA/Programmazione/STM/MINE/Test_Encoder_02/Inc" -I"/media/filippo/DATA/Programmazione/STM/MINE/Test_Encoder_02/Drivers/STM32F4xx_HAL_Driver/Inc" -I"/media/filippo/DATA/Programmazione/STM/MINE/Test_Encoder_02/Drivers/STM32F4xx_HAL_Driver/Inc/Legacy" -I"/media/filippo/DATA/Programmazione/STM/MINE/Test_Encoder_02/Drivers/CMSIS/Device/ST/STM32F4xx/Include" -I"/media/filippo/DATA/Programmazione/STM/MINE/Test_Encoder_02/Drivers/CMSIS/Include"  -Og -g3 -Wall -fmessage-length=0 -ffunction-sections -c -fmessage-length=0 -MMD -MP -MF"Src/main.d" -MT"Src/main.o" -o "Src/main.o" "../Src/main.c"
../Src/main.c:61:26: warning: 's_TimerInstance' defined but not used [-Wunused-variable]
 static TIM_HandleTypeDef s_TimerInstance = {.Instance = TIM2};
                          ^~~~~~~~~~~~~~~
Finished building: ../Src/main.c
 
Building target: Test_Encoder_02.elf
Invoking: MCU GCC Linker
arm-none-eabi-gcc -mcpu=cortex-m4 -mthumb -mfloat-abi=hard -mfpu=fpv4-sp-d16 -specs=nosys.specs -specs=nano.specs-u_printf_float -T"../STM32F446RETx_FLASH.ld" -Wl,-Map=output.map -Wl,--gc-sections -o "Test_Encoder_02.elf" @"objects.list"   -lm
arm-none-eabi-gcc: error: nano.specs-u_printf_float: No such file or directory
make: *** [Test_Encoder_02.elf] Errore 1
makefile:35: set di istruzioni per l'obiettivo "Test_Encoder_02.elf" non riuscito
17:46:41 **** Incremental Build of configuration Debug for project Test_Encoder_02 ****
make all 
Building target: Test_Encoder_02.elf
Invoking: MCU GCC Linker
arm-none-eabi-gcc -mcpu=cortex-m4 -mthumb -mfloat-abi=hard -mfpu=fpv4-sp-d16 -specs=nosys.specs -specs=nano.specs-u _printf_float -T"../STM32F446RETx_FLASH.ld" -Wl,-Map=output.map -Wl,--gc-sections -o "Test_Encoder_02.elf" @"objects.list"   -lm
arm-none-eabi-gcc: error: _printf_float: No such file or directory
arm-none-eabi-gcc: error: nano.specs-u: No such file or directory
makefile:35: set di istruzioni per l'obiettivo "Test_Encoder_02.elf" non riuscito
make: *** [Test_Encoder_02.elf] Errore 1
17:47:04 **** Incremental Build of configuration Debug for project Test_Encoder_02 ****
make all 
Building target: Test_Encoder_02.elf
Invoking: MCU GCC Linker
arm-none-eabi-gcc -mcpu=cortex-m4 -mthumb -mfloat-abi=hard -mfpu=fpv4-sp-d16 -specs=nosys.specs -specs=nano.specs -T"../STM32F446RETx_FLASH.ld" -Wl,-Map=output.map -Wl,--gc-sections -o "Test_Encoder_02.elf" @"objects.list"   -lm
Finished building target: Test_Encoder_02.elf
 
make --no-print-directory post-build
Generating hex and Printing size information:
arm-none-eabi-objcopy -O ihex "Test_Encoder_02.elf" "Test_Encoder_02.hex"
arm-none-eabi-size "Test_Encoder_02.elf"
   text	   data	    bss	    dec	    hex	filename
  13376	    132	   2176	  15684	   3d44	Test_Encoder_02.elf
 
17:51:34 **** Incremental Build of configuration Debug for project Test_Encoder_02 ****
make all 
Building file: ../Src/main.c
Invoking: MCU GCC Compiler
/media/filippo/DATA/Programmazione/STM/MINE/Test_Encoder_02/Debug
arm-none-eabi-gcc -mcpu=cortex-m4 -mthumb -mfloat-abi=hard -mfpu=fpv4-sp-d16 '-D__weak=__attribute__((weak))' '-D__packed="__attribute__((__packed__))"' -DUSE_HAL_DRIVER -DSTM32F446xx -I"/media/filippo/DATA/Programmazione/STM/MINE/Test_Encoder_02/Inc" -I"/media/filippo/DATA/Programmazione/STM/MINE/Test_Encoder_02/Drivers/STM32F4xx_HAL_Driver/Inc" -I"/media/filippo/DATA/Programmazione/STM/MINE/Test_Encoder_02/Drivers/STM32F4xx_HAL_Driver/Inc/Legacy" -I"/media/filippo/DATA/Programmazione/STM/MINE/Test_Encoder_02/Drivers/CMSIS/Device/ST/STM32F4xx/Include" -I"/media/filippo/DATA/Programmazione/STM/MINE/Test_Encoder_02/Drivers/CMSIS/Include"  -Og -g3 -Wall -fmessage-length=0 -ffunction-sections -c -fmessage-length=0 -MMD -MP -MF"Src/main.d" -MT"Src/main.o" -o "Src/main.o" "../Src/main.c"
../Src/main.c:61:26: warning: 's_TimerInstance' defined but not used [-Wunused-variable]
 static TIM_HandleTypeDef s_TimerInstance = {.Instance = TIM2};
                          ^~~~~~~~~~~~~~~
Finished building: ../Src/main.c
 
Building target: Test_Encoder_02.elf
Invoking: MCU GCC Linker
arm-none-eabi-gcc -mcpu=cortex-m4 -mthumb -mfloat-abi=hard -mfpu=fpv4-sp-d16 -specs=nosys.specs -specs=nano.specs -T"../STM32F446RETx_FLASH.ld" -Wl,-Map=output.map -Wl,--gc-sections -o "Test_Encoder_02.elf" @"objects.list"   -lm
Finished building target: Test_Encoder_02.elf
 
make --no-print-directory post-build
Generating hex and Printing size information:
arm-none-eabi-objcopy -O ihex "Test_Encoder_02.elf" "Test_Encoder_02.hex"
arm-none-eabi-size "Test_Encoder_02.elf"
   text	   data	    bss	    dec	    hex	filename
  13456	    132	   2176	  15764	   3d94	Test_Encoder_02.elf
 
17:51:53 **** Incremental Build of configuration Debug for project Test_Encoder_02 ****
make all 
Building file: ../Src/main.c
Invoking: MCU GCC Compiler
/media/filippo/DATA/Programmazione/STM/MINE/Test_Encoder_02/Debug
arm-none-eabi-gcc -mcpu=cortex-m4 -mthumb -mfloat-abi=hard -mfpu=fpv4-sp-d16 '-D__weak=__attribute__((weak))' '-D__packed="__attribute__((__packed__))"' -DUSE_HAL_DRIVER -DSTM32F446xx -I"/media/filippo/DATA/Programmazione/STM/MINE/Test_Encoder_02/Inc" -I"/media/filippo/DATA/Programmazione/STM/MINE/Test_Encoder_02/Drivers/STM32F4xx_HAL_Driver/Inc" -I"/media/filippo/DATA/Programmazione/STM/MINE/Test_Encoder_02/Drivers/STM32F4xx_HAL_Driver/Inc/Legacy" -I"/media/filippo/DATA/Programmazione/STM/MINE/Test_Encoder_02/Drivers/CMSIS/Device/ST/STM32F4xx/Include" -I"/media/filippo/DATA/Programmazione/STM/MINE/Test_Encoder_02/Drivers/CMSIS/Include"  -Og -g3 -Wall -fmessage-length=0 -ffunction-sections -c -fmessage-length=0 -MMD -MP -MF"Src/main.d" -MT"Src/main.o" -o "Src/main.o" "../Src/main.c"
../Src/main.c:61:26: warning: 's_TimerInstance' defined but not used [-Wunused-variable]
 static TIM_HandleTypeDef s_TimerInstance = {.Instance = TIM2};
                          ^~~~~~~~~~~~~~~
Finished building: ../Src/main.c
 
Building target: Test_Encoder_02.elf
Invoking: MCU GCC Linker
arm-none-eabi-gcc -mcpu=cortex-m4 -mthumb -mfloat-abi=hard -mfpu=fpv4-sp-d16 -specs=nosys.specs -specs=nano.specs -T"../STM32F446RETx_FLASH.ld" -Wl,-Map=output.map -Wl,--gc-sections -o "Test_Encoder_02.elf" @"objects.list"   -lm
Finished building target: Test_Encoder_02.elf
 
make --no-print-directory post-build
Generating hex and Printing size information:
arm-none-eabi-objcopy -O ihex "Test_Encoder_02.elf" "Test_Encoder_02.hex"
arm-none-eabi-size "Test_Encoder_02.elf"
   text	   data	    bss	    dec	    hex	filename
  13452	    132	   2176	  15760	   3d90	Test_Encoder_02.elf
 
17:52:06 **** Incremental Build of configuration Debug for project Test_Encoder_02 ****
make all 
Building file: ../Src/main.c
Invoking: MCU GCC Compiler
/media/filippo/DATA/Programmazione/STM/MINE/Test_Encoder_02/Debug
arm-none-eabi-gcc -mcpu=cortex-m4 -mthumb -mfloat-abi=hard -mfpu=fpv4-sp-d16 '-D__weak=__attribute__((weak))' '-D__packed="__attribute__((__packed__))"' -DUSE_HAL_DRIVER -DSTM32F446xx -I"/media/filippo/DATA/Programmazione/STM/MINE/Test_Encoder_02/Inc" -I"/media/filippo/DATA/Programmazione/STM/MINE/Test_Encoder_02/Drivers/STM32F4xx_HAL_Driver/Inc" -I"/media/filippo/DATA/Programmazione/STM/MINE/Test_Encoder_02/Drivers/STM32F4xx_HAL_Driver/Inc/Legacy" -I"/media/filippo/DATA/Programmazione/STM/MINE/Test_Encoder_02/Drivers/CMSIS/Device/ST/STM32F4xx/Include" -I"/media/filippo/DATA/Programmazione/STM/MINE/Test_Encoder_02/Drivers/CMSIS/Include"  -Og -g3 -Wall -fmessage-length=0 -ffunction-sections -c -fmessage-length=0 -MMD -MP -MF"Src/main.d" -MT"Src/main.o" -o "Src/main.o" "../Src/main.c"
../Src/main.c:61:26: warning: 's_TimerInstance' defined but not used [-Wunused-variable]
 static TIM_HandleTypeDef s_TimerInstance = {.Instance = TIM2};
                          ^~~~~~~~~~~~~~~
Finished building: ../Src/main.c
 
Building target: Test_Encoder_02.elf
Invoking: MCU GCC Linker
arm-none-eabi-gcc -mcpu=cortex-m4 -mthumb -mfloat-abi=hard -mfpu=fpv4-sp-d16 -specs=nosys.specs -specs=nano.specs -T"../STM32F446RETx_FLASH.ld" -Wl,-Map=output.map -Wl,--gc-sections -o "Test_Encoder_02.elf" @"objects.list"   -lm
Finished building target: Test_Encoder_02.elf
 
make --no-print-directory post-build
Generating hex and Printing size information:
arm-none-eabi-objcopy -O ihex "Test_Encoder_02.elf" "Test_Encoder_02.hex"
arm-none-eabi-size "Test_Encoder_02.elf"
   text	   data	    bss	    dec	    hex	filename
  13440	    132	   2176	  15748	   3d84	Test_Encoder_02.elf
 
17:53:49 **** Incremental Build of configuration Debug for project Test_Encoder_02 ****
make all 
Building file: ../Src/main.c
Invoking: MCU GCC Compiler
/media/filippo/DATA/Programmazione/STM/MINE/Test_Encoder_02/Debug
arm-none-eabi-gcc -mcpu=cortex-m4 -mthumb -mfloat-abi=hard -mfpu=fpv4-sp-d16 '-D__weak=__attribute__((weak))' '-D__packed="__attribute__((__packed__))"' -DUSE_HAL_DRIVER -DSTM32F446xx -I"/media/filippo/DATA/Programmazione/STM/MINE/Test_Encoder_02/Inc" -I"/media/filippo/DATA/Programmazione/STM/MINE/Test_Encoder_02/Drivers/STM32F4xx_HAL_Driver/Inc" -I"/media/filippo/DATA/Programmazione/STM/MINE/Test_Encoder_02/Drivers/STM32F4xx_HAL_Driver/Inc/Legacy" -I"/media/filippo/DATA/Programmazione/STM/MINE/Test_Encoder_02/Drivers/CMSIS/Device/ST/STM32F4xx/Include" -I"/media/filippo/DATA/Programmazione/STM/MINE/Test_Encoder_02/Drivers/CMSIS/Include"  -Og -g3 -Wall -fmessage-length=0 -ffunction-sections -c -fmessage-length=0 -MMD -MP -MF"Src/main.d" -MT"Src/main.o" -o "Src/main.o" "../Src/main.c"
../Src/main.c:61:26: warning: 's_TimerInstance' defined but not used [-Wunused-variable]
 static TIM_HandleTypeDef s_TimerInstance = {.Instance = TIM2};
                          ^~~~~~~~~~~~~~~
Finished building: ../Src/main.c
 
Building target: Test_Encoder_02.elf
Invoking: MCU GCC Linker
arm-none-eabi-gcc -mcpu=cortex-m4 -mthumb -mfloat-abi=hard -mfpu=fpv4-sp-d16 -specs=nosys.specs -specs=nano.specs -T"../STM32F446RETx_FLASH.ld" -Wl,-Map=output.map -Wl,--gc-sections -o "Test_Encoder_02.elf" @"objects.list"   -lm
Finished building target: Test_Encoder_02.elf
 
make --no-print-directory post-build
Generating hex and Printing size information:
arm-none-eabi-objcopy -O ihex "Test_Encoder_02.elf" "Test_Encoder_02.hex"
arm-none-eabi-size "Test_Encoder_02.elf"
   text	   data	    bss	    dec	    hex	filename
  13440	    132	   2176	  15748	   3d84	Test_Encoder_02.elf
 
17:56:35 **** Incremental Build of configuration Debug for project Test_Encoder_02 ****
make all 
Building file: ../Src/main.c
Invoking: MCU GCC Compiler
/media/filippo/DATA/Programmazione/STM/MINE/Test_Encoder_02/Debug
arm-none-eabi-gcc -mcpu=cortex-m4 -mthumb -mfloat-abi=hard -mfpu=fpv4-sp-d16 '-D__weak=__attribute__((weak))' '-D__packed="__attribute__((__packed__))"' -DUSE_HAL_DRIVER -DSTM32F446xx -I"/media/filippo/DATA/Programmazione/STM/MINE/Test_Encoder_02/Inc" -I"/media/filippo/DATA/Programmazione/STM/MINE/Test_Encoder_02/Drivers/STM32F4xx_HAL_Driver/Inc" -I"/media/filippo/DATA/Programmazione/STM/MINE/Test_Encoder_02/Drivers/STM32F4xx_HAL_Driver/Inc/Legacy" -I"/media/filippo/DATA/Programmazione/STM/MINE/Test_Encoder_02/Drivers/CMSIS/Device/ST/STM32F4xx/Include" -I"/media/filippo/DATA/Programmazione/STM/MINE/Test_Encoder_02/Drivers/CMSIS/Include"  -Og -g3 -Wall -fmessage-length=0 -ffunction-sections -c -fmessage-length=0 -MMD -MP -MF"Src/main.d" -MT"Src/main.o" -o "Src/main.o" "../Src/main.c"
../Src/main.c:61:26: warning: 's_TimerInstance' defined but not used [-Wunused-variable]
 static TIM_HandleTypeDef s_TimerInstance = {.Instance = TIM2};
                          ^~~~~~~~~~~~~~~
Finished building: ../Src/main.c
 
Building target: Test_Encoder_02.elf
Invoking: MCU GCC Linker
arm-none-eabi-gcc -mcpu=cortex-m4 -mthumb -mfloat-abi=hard -mfpu=fpv4-sp-d16 -specs=nosys.specs -specs=nano.specs -T"../STM32F446RETx_FLASH.ld" -Wl,-Map=output.map -Wl,--gc-sections -o "Test_Encoder_02.elf" @"objects.list"   -lm
Finished building target: Test_Encoder_02.elf
 
make --no-print-directory post-build
Generating hex and Printing size information:
arm-none-eabi-objcopy -O ihex "Test_Encoder_02.elf" "Test_Encoder_02.hex"
arm-none-eabi-size "Test_Encoder_02.elf"
   text	   data	    bss	    dec	    hex	filename
  13432	    132	   2176	  15740	   3d7c	Test_Encoder_02.elf
 
17:56:45 **** Incremental Build of configuration Debug for project Test_Encoder_02 ****
make all 
Building file: ../Src/main.c
Invoking: MCU GCC Compiler
/media/filippo/DATA/Programmazione/STM/MINE/Test_Encoder_02/Debug
arm-none-eabi-gcc -mcpu=cortex-m4 -mthumb -mfloat-abi=hard -mfpu=fpv4-sp-d16 '-D__weak=__attribute__((weak))' '-D__packed="__attribute__((__packed__))"' -DUSE_HAL_DRIVER -DSTM32F446xx -I"/media/filippo/DATA/Programmazione/STM/MINE/Test_Encoder_02/Inc" -I"/media/filippo/DATA/Programmazione/STM/MINE/Test_Encoder_02/Drivers/STM32F4xx_HAL_Driver/Inc" -I"/media/filippo/DATA/Programmazione/STM/MINE/Test_Encoder_02/Drivers/STM32F4xx_HAL_Driver/Inc/Legacy" -I"/media/filippo/DATA/Programmazione/STM/MINE/Test_Encoder_02/Drivers/CMSIS/Device/ST/STM32F4xx/Include" -I"/media/filippo/DATA/Programmazione/STM/MINE/Test_Encoder_02/Drivers/CMSIS/Include"  -Og -g3 -Wall -fmessage-length=0 -ffunction-sections -c -fmessage-length=0 -MMD -MP -MF"Src/main.d" -MT"Src/main.o" -o "Src/main.o" "../Src/main.c"
../Src/main.c:61:26: warning: 's_TimerInstance' defined but not used [-Wunused-variable]
 static TIM_HandleTypeDef s_TimerInstance = {.Instance = TIM2};
                          ^~~~~~~~~~~~~~~
Finished building: ../Src/main.c
 
Building target: Test_Encoder_02.elf
Invoking: MCU GCC Linker
arm-none-eabi-gcc -mcpu=cortex-m4 -mthumb -mfloat-abi=hard -mfpu=fpv4-sp-d16 -specs=nosys.specs -specs=nano.specs -T"../STM32F446RETx_FLASH.ld" -Wl,-Map=output.map -Wl,--gc-sections -o "Test_Encoder_02.elf" @"objects.list"   -lm
Finished building target: Test_Encoder_02.elf
 
make --no-print-directory post-build
Generating hex and Printing size information:
arm-none-eabi-objcopy -O ihex "Test_Encoder_02.elf" "Test_Encoder_02.hex"
arm-none-eabi-size "Test_Encoder_02.elf"
   text	   data	    bss	    dec	    hex	filename
  13444	    132	   2176	  15752	   3d88	Test_Encoder_02.elf
 
17:57:10 **** Incremental Build of configuration Debug for project Test_Encoder_02 ****
make all 
Building file: ../Src/main.c
Invoking: MCU GCC Compiler
/media/filippo/DATA/Programmazione/STM/MINE/Test_Encoder_02/Debug
arm-none-eabi-gcc -mcpu=cortex-m4 -mthumb -mfloat-abi=hard -mfpu=fpv4-sp-d16 '-D__weak=__attribute__((weak))' '-D__packed="__attribute__((__packed__))"' -DUSE_HAL_DRIVER -DSTM32F446xx -I"/media/filippo/DATA/Programmazione/STM/MINE/Test_Encoder_02/Inc" -I"/media/filippo/DATA/Programmazione/STM/MINE/Test_Encoder_02/Drivers/STM32F4xx_HAL_Driver/Inc" -I"/media/filippo/DATA/Programmazione/STM/MINE/Test_Encoder_02/Drivers/STM32F4xx_HAL_Driver/Inc/Legacy" -I"/media/filippo/DATA/Programmazione/STM/MINE/Test_Encoder_02/Drivers/CMSIS/Device/ST/STM32F4xx/Include" -I"/media/filippo/DATA/Programmazione/STM/MINE/Test_Encoder_02/Drivers/CMSIS/Include"  -Og -g3 -Wall -fmessage-length=0 -ffunction-sections -c -fmessage-length=0 -MMD -MP -MF"Src/main.d" -MT"Src/main.o" -o "Src/main.o" "../Src/main.c"
../Src/main.c:61:26: warning: 's_TimerInstance' defined but not used [-Wunused-variable]
 static TIM_HandleTypeDef s_TimerInstance = {.Instance = TIM2};
                          ^~~~~~~~~~~~~~~
Finished building: ../Src/main.c
 
Building target: Test_Encoder_02.elf
Invoking: MCU GCC Linker
arm-none-eabi-gcc -mcpu=cortex-m4 -mthumb -mfloat-abi=hard -mfpu=fpv4-sp-d16 -specs=nosys.specs -specs=nano.specs -T"../STM32F446RETx_FLASH.ld" -Wl,-Map=output.map -Wl,--gc-sections -o "Test_Encoder_02.elf" @"objects.list"   -lm
Finished building target: Test_Encoder_02.elf
 
make --no-print-directory post-build
Generating hex and Printing size information:
arm-none-eabi-objcopy -O ihex "Test_Encoder_02.elf" "Test_Encoder_02.hex"
arm-none-eabi-size "Test_Encoder_02.elf"
   text	   data	    bss	    dec	    hex	filename
  13464	    132	   2176	  15772	   3d9c	Test_Encoder_02.elf
 
17:58:28 **** Incremental Build of configuration Debug for project Test_Encoder_02 ****
make all 
Building file: ../Src/main.c
Invoking: MCU GCC Compiler
/media/filippo/DATA/Programmazione/STM/MINE/Test_Encoder_02/Debug
arm-none-eabi-gcc -mcpu=cortex-m4 -mthumb -mfloat-abi=hard -mfpu=fpv4-sp-d16 '-D__weak=__attribute__((weak))' '-D__packed="__attribute__((__packed__))"' -DUSE_HAL_DRIVER -DSTM32F446xx -I"/media/filippo/DATA/Programmazione/STM/MINE/Test_Encoder_02/Inc" -I"/media/filippo/DATA/Programmazione/STM/MINE/Test_Encoder_02/Drivers/STM32F4xx_HAL_Driver/Inc" -I"/media/filippo/DATA/Programmazione/STM/MINE/Test_Encoder_02/Drivers/STM32F4xx_HAL_Driver/Inc/Legacy" -I"/media/filippo/DATA/Programmazione/STM/MINE/Test_Encoder_02/Drivers/CMSIS/Device/ST/STM32F4xx/Include" -I"/media/filippo/DATA/Programmazione/STM/MINE/Test_Encoder_02/Drivers/CMSIS/Include"  -Og -g3 -Wall -fmessage-length=0 -ffunction-sections -c -fmessage-length=0 -MMD -MP -MF"Src/main.d" -MT"Src/main.o" -o "Src/main.o" "../Src/main.c"
../Src/main.c:61:26: warning: 's_TimerInstance' defined but not used [-Wunused-variable]
 static TIM_HandleTypeDef s_TimerInstance = {.Instance = TIM2};
                          ^~~~~~~~~~~~~~~
Finished building: ../Src/main.c
 
Building file: ../Src/stm32f4xx_hal_msp.c
Invoking: MCU GCC Compiler
/media/filippo/DATA/Programmazione/STM/MINE/Test_Encoder_02/Debug
arm-none-eabi-gcc -mcpu=cortex-m4 -mthumb -mfloat-abi=hard -mfpu=fpv4-sp-d16 '-D__weak=__attribute__((weak))' '-D__packed="__attribute__((__packed__))"' -DUSE_HAL_DRIVER -DSTM32F446xx -I"/media/filippo/DATA/Programmazione/STM/MINE/Test_Encoder_02/Inc" -I"/media/filippo/DATA/Programmazione/STM/MINE/Test_Encoder_02/Drivers/STM32F4xx_HAL_Driver/Inc" -I"/media/filippo/DATA/Programmazione/STM/MINE/Test_Encoder_02/Drivers/STM32F4xx_HAL_Driver/Inc/Legacy" -I"/media/filippo/DATA/Programmazione/STM/MINE/Test_Encoder_02/Drivers/CMSIS/Device/ST/STM32F4xx/Include" -I"/media/filippo/DATA/Programmazione/STM/MINE/Test_Encoder_02/Drivers/CMSIS/Include"  -Og -g3 -Wall -fmessage-length=0 -ffunction-sections -c -fmessage-length=0 -MMD -MP -MF"Src/stm32f4xx_hal_msp.d" -MT"Src/stm32f4xx_hal_msp.o" -o "Src/stm32f4xx_hal_msp.o" "../Src/stm32f4xx_hal_msp.c"
Finished building: ../Src/stm32f4xx_hal_msp.c
 
Building file: ../Src/stm32f4xx_it.c
Invoking: MCU GCC Compiler
/media/filippo/DATA/Programmazione/STM/MINE/Test_Encoder_02/Debug
arm-none-eabi-gcc -mcpu=cortex-m4 -mthumb -mfloat-abi=hard -mfpu=fpv4-sp-d16 '-D__weak=__attribute__((weak))' '-D__packed="__attribute__((__packed__))"' -DUSE_HAL_DRIVER -DSTM32F446xx -I"/media/filippo/DATA/Programmazione/STM/MINE/Test_Encoder_02/Inc" -I"/media/filippo/DATA/Programmazione/STM/MINE/Test_Encoder_02/Drivers/STM32F4xx_HAL_Driver/Inc" -I"/media/filippo/DATA/Programmazione/STM/MINE/Test_Encoder_02/Drivers/STM32F4xx_HAL_Driver/Inc/Legacy" -I"/media/filippo/DATA/Programmazione/STM/MINE/Test_Encoder_02/Drivers/CMSIS/Device/ST/STM32F4xx/Include" -I"/media/filippo/DATA/Programmazione/STM/MINE/Test_Encoder_02/Drivers/CMSIS/Include"  -Og -g3 -Wall -fmessage-length=0 -ffunction-sections -c -fmessage-length=0 -MMD -MP -MF"Src/stm32f4xx_it.d" -MT"Src/stm32f4xx_it.o" -o "Src/stm32f4xx_it.o" "../Src/stm32f4xx_it.c"
Finished building: ../Src/stm32f4xx_it.c
 
Building file: ../Src/system_stm32f4xx.c
Invoking: MCU GCC Compiler
/media/filippo/DATA/Programmazione/STM/MINE/Test_Encoder_02/Debug
arm-none-eabi-gcc -mcpu=cortex-m4 -mthumb -mfloat-abi=hard -mfpu=fpv4-sp-d16 '-D__weak=__attribute__((weak))' '-D__packed="__attribute__((__packed__))"' -DUSE_HAL_DRIVER -DSTM32F446xx -I"/media/filippo/DATA/Programmazione/STM/MINE/Test_Encoder_02/Inc" -I"/media/filippo/DATA/Programmazione/STM/MINE/Test_Encoder_02/Drivers/STM32F4xx_HAL_Driver/Inc" -I"/media/filippo/DATA/Programmazione/STM/MINE/Test_Encoder_02/Drivers/STM32F4xx_HAL_Driver/Inc/Legacy" -I"/media/filippo/DATA/Programmazione/STM/MINE/Test_Encoder_02/Drivers/CMSIS/Device/ST/STM32F4xx/Include" -I"/media/filippo/DATA/Programmazione/STM/MINE/Test_Encoder_02/Drivers/CMSIS/Include"  -Og -g3 -Wall -fmessage-length=0 -ffunction-sections -c -fmessage-length=0 -MMD -MP -MF"Src/system_stm32f4xx.d" -MT"Src/system_stm32f4xx.o" -o "Src/system_stm32f4xx.o" "../Src/system_stm32f4xx.c"
Finished building: ../Src/system_stm32f4xx.c
 
Building file: ../Drivers/STM32F4xx_HAL_Driver/Src/stm32f4xx_hal.c
Invoking: MCU GCC Compiler
/media/filippo/DATA/Programmazione/STM/MINE/Test_Encoder_02/Debug
arm-none-eabi-gcc -mcpu=cortex-m4 -mthumb -mfloat-abi=hard -mfpu=fpv4-sp-d16 '-D__weak=__attribute__((weak))' '-D__packed="__attribute__((__packed__))"' -DUSE_HAL_DRIVER -DSTM32F446xx -I"/media/filippo/DATA/Programmazione/STM/MINE/Test_Encoder_02/Inc" -I"/media/filippo/DATA/Programmazione/STM/MINE/Test_Encoder_02/Drivers/STM32F4xx_HAL_Driver/Inc" -I"/media/filippo/DATA/Programmazione/STM/MINE/Test_Encoder_02/Drivers/STM32F4xx_HAL_Driver/Inc/Legacy" -I"/media/filippo/DATA/Programmazione/STM/MINE/Test_Encoder_02/Drivers/CMSIS/Device/ST/STM32F4xx/Include" -I"/media/filippo/DATA/Programmazione/STM/MINE/Test_Encoder_02/Drivers/CMSIS/Include"  -Og -g3 -Wall -fmessage-length=0 -ffunction-sections -c -fmessage-length=0 -MMD -MP -MF"Drivers/STM32F4xx_HAL_Driver/Src/stm32f4xx_hal.d" -MT"Drivers/STM32F4xx_HAL_Driver/Src/stm32f4xx_hal.o" -o "Drivers/STM32F4xx_HAL_Driver/Src/stm32f4xx_hal.o" "../Drivers/STM32F4xx_HAL_Driver/Src/stm32f4xx_hal.c"
Finished building: ../Drivers/STM32F4xx_HAL_Driver/Src/stm32f4xx_hal.c
 
Building file: ../Drivers/STM32F4xx_HAL_Driver/Src/stm32f4xx_hal_cortex.c
Invoking: MCU GCC Compiler
/media/filippo/DATA/Programmazione/STM/MINE/Test_Encoder_02/Debug
arm-none-eabi-gcc -mcpu=cortex-m4 -mthumb -mfloat-abi=hard -mfpu=fpv4-sp-d16 '-D__weak=__attribute__((weak))' '-D__packed="__attribute__((__packed__))"' -DUSE_HAL_DRIVER -DSTM32F446xx -I"/media/filippo/DATA/Programmazione/STM/MINE/Test_Encoder_02/Inc" -I"/media/filippo/DATA/Programmazione/STM/MINE/Test_Encoder_02/Drivers/STM32F4xx_HAL_Driver/Inc" -I"/media/filippo/DATA/Programmazione/STM/MINE/Test_Encoder_02/Drivers/STM32F4xx_HAL_Driver/Inc/Legacy" -I"/media/filippo/DATA/Programmazione/STM/MINE/Test_Encoder_02/Drivers/CMSIS/Device/ST/STM32F4xx/Include" -I"/media/filippo/DATA/Programmazione/STM/MINE/Test_Encoder_02/Drivers/CMSIS/Include"  -Og -g3 -Wall -fmessage-length=0 -ffunction-sections -c -fmessage-length=0 -MMD -MP -MF"Drivers/STM32F4xx_HAL_Driver/Src/stm32f4xx_hal_cortex.d" -MT"Drivers/STM32F4xx_HAL_Driver/Src/stm32f4xx_hal_cortex.o" -o "Drivers/STM32F4xx_HAL_Driver/Src/stm32f4xx_hal_cortex.o" "../Drivers/STM32F4xx_HAL_Driver/Src/stm32f4xx_hal_cortex.c"
Finished building: ../Drivers/STM32F4xx_HAL_Driver/Src/stm32f4xx_hal_cortex.c
 
Building file: ../Drivers/STM32F4xx_HAL_Driver/Src/stm32f4xx_hal_dma.c
Invoking: MCU GCC Compiler
/media/filippo/DATA/Programmazione/STM/MINE/Test_Encoder_02/Debug
arm-none-eabi-gcc -mcpu=cortex-m4 -mthumb -mfloat-abi=hard -mfpu=fpv4-sp-d16 '-D__weak=__attribute__((weak))' '-D__packed="__attribute__((__packed__))"' -DUSE_HAL_DRIVER -DSTM32F446xx -I"/media/filippo/DATA/Programmazione/STM/MINE/Test_Encoder_02/Inc" -I"/media/filippo/DATA/Programmazione/STM/MINE/Test_Encoder_02/Drivers/STM32F4xx_HAL_Driver/Inc" -I"/media/filippo/DATA/Programmazione/STM/MINE/Test_Encoder_02/Drivers/STM32F4xx_HAL_Driver/Inc/Legacy" -I"/media/filippo/DATA/Programmazione/STM/MINE/Test_Encoder_02/Drivers/CMSIS/Device/ST/STM32F4xx/Include" -I"/media/filippo/DATA/Programmazione/STM/MINE/Test_Encoder_02/Drivers/CMSIS/Include"  -Og -g3 -Wall -fmessage-length=0 -ffunction-sections -c -fmessage-length=0 -MMD -MP -MF"Drivers/STM32F4xx_HAL_Driver/Src/stm32f4xx_hal_dma.d" -MT"Drivers/STM32F4xx_HAL_Driver/Src/stm32f4xx_hal_dma.o" -o "Drivers/STM32F4xx_HAL_Driver/Src/stm32f4xx_hal_dma.o" "../Drivers/STM32F4xx_HAL_Driver/Src/stm32f4xx_hal_dma.c"
Finished building: ../Drivers/STM32F4xx_HAL_Driver/Src/stm32f4xx_hal_dma.c
 
Building file: ../Drivers/STM32F4xx_HAL_Driver/Src/stm32f4xx_hal_dma_ex.c
Invoking: MCU GCC Compiler
/media/filippo/DATA/Programmazione/STM/MINE/Test_Encoder_02/Debug
arm-none-eabi-gcc -mcpu=cortex-m4 -mthumb -mfloat-abi=hard -mfpu=fpv4-sp-d16 '-D__weak=__attribute__((weak))' '-D__packed="__attribute__((__packed__))"' -DUSE_HAL_DRIVER -DSTM32F446xx -I"/media/filippo/DATA/Programmazione/STM/MINE/Test_Encoder_02/Inc" -I"/media/filippo/DATA/Programmazione/STM/MINE/Test_Encoder_02/Drivers/STM32F4xx_HAL_Driver/Inc" -I"/media/filippo/DATA/Programmazione/STM/MINE/Test_Encoder_02/Drivers/STM32F4xx_HAL_Driver/Inc/Legacy" -I"/media/filippo/DATA/Programmazione/STM/MINE/Test_Encoder_02/Drivers/CMSIS/Device/ST/STM32F4xx/Include" -I"/media/filippo/DATA/Programmazione/STM/MINE/Test_Encoder_02/Drivers/CMSIS/Include"  -Og -g3 -Wall -fmessage-length=0 -ffunction-sections -c -fmessage-length=0 -MMD -MP -MF"Drivers/STM32F4xx_HAL_Driver/Src/stm32f4xx_hal_dma_ex.d" -MT"Drivers/STM32F4xx_HAL_Driver/Src/stm32f4xx_hal_dma_ex.o" -o "Drivers/STM32F4xx_HAL_Driver/Src/stm32f4xx_hal_dma_ex.o" "../Drivers/STM32F4xx_HAL_Driver/Src/stm32f4xx_hal_dma_ex.c"
Finished building: ../Drivers/STM32F4xx_HAL_Driver/Src/stm32f4xx_hal_dma_ex.c
 
Building file: ../Drivers/STM32F4xx_HAL_Driver/Src/stm32f4xx_hal_flash.c
Invoking: MCU GCC Compiler
/media/filippo/DATA/Programmazione/STM/MINE/Test_Encoder_02/Debug
arm-none-eabi-gcc -mcpu=cortex-m4 -mthumb -mfloat-abi=hard -mfpu=fpv4-sp-d16 '-D__weak=__attribute__((weak))' '-D__packed="__attribute__((__packed__))"' -DUSE_HAL_DRIVER -DSTM32F446xx -I"/media/filippo/DATA/Programmazione/STM/MINE/Test_Encoder_02/Inc" -I"/media/filippo/DATA/Programmazione/STM/MINE/Test_Encoder_02/Drivers/STM32F4xx_HAL_Driver/Inc" -I"/media/filippo/DATA/Programmazione/STM/MINE/Test_Encoder_02/Drivers/STM32F4xx_HAL_Driver/Inc/Legacy" -I"/media/filippo/DATA/Programmazione/STM/MINE/Test_Encoder_02/Drivers/CMSIS/Device/ST/STM32F4xx/Include" -I"/media/filippo/DATA/Programmazione/STM/MINE/Test_Encoder_02/Drivers/CMSIS/Include"  -Og -g3 -Wall -fmessage-length=0 -ffunction-sections -c -fmessage-length=0 -MMD -MP -MF"Drivers/STM32F4xx_HAL_Driver/Src/stm32f4xx_hal_flash.d" -MT"Drivers/STM32F4xx_HAL_Driver/Src/stm32f4xx_hal_flash.o" -o "Drivers/STM32F4xx_HAL_Driver/Src/stm32f4xx_hal_flash.o" "../Drivers/STM32F4xx_HAL_Driver/Src/stm32f4xx_hal_flash.c"
Finished building: ../Drivers/STM32F4xx_HAL_Driver/Src/stm32f4xx_hal_flash.c
 
Building file: ../Drivers/STM32F4xx_HAL_Driver/Src/stm32f4xx_hal_flash_ex.c
Invoking: MCU GCC Compiler
/media/filippo/DATA/Programmazione/STM/MINE/Test_Encoder_02/Debug
arm-none-eabi-gcc -mcpu=cortex-m4 -mthumb -mfloat-abi=hard -mfpu=fpv4-sp-d16 '-D__weak=__attribute__((weak))' '-D__packed="__attribute__((__packed__))"' -DUSE_HAL_DRIVER -DSTM32F446xx -I"/media/filippo/DATA/Programmazione/STM/MINE/Test_Encoder_02/Inc" -I"/media/filippo/DATA/Programmazione/STM/MINE/Test_Encoder_02/Drivers/STM32F4xx_HAL_Driver/Inc" -I"/media/filippo/DATA/Programmazione/STM/MINE/Test_Encoder_02/Drivers/STM32F4xx_HAL_Driver/Inc/Legacy" -I"/media/filippo/DATA/Programmazione/STM/MINE/Test_Encoder_02/Drivers/CMSIS/Device/ST/STM32F4xx/Include" -I"/media/filippo/DATA/Programmazione/STM/MINE/Test_Encoder_02/Drivers/CMSIS/Include"  -Og -g3 -Wall -fmessage-length=0 -ffunction-sections -c -fmessage-length=0 -MMD -MP -MF"Drivers/STM32F4xx_HAL_Driver/Src/stm32f4xx_hal_flash_ex.d" -MT"Drivers/STM32F4xx_HAL_Driver/Src/stm32f4xx_hal_flash_ex.o" -o "Drivers/STM32F4xx_HAL_Driver/Src/stm32f4xx_hal_flash_ex.o" "../Drivers/STM32F4xx_HAL_Driver/Src/stm32f4xx_hal_flash_ex.c"
Finished building: ../Drivers/STM32F4xx_HAL_Driver/Src/stm32f4xx_hal_flash_ex.c
 
Building file: ../Drivers/STM32F4xx_HAL_Driver/Src/stm32f4xx_hal_flash_ramfunc.c
Invoking: MCU GCC Compiler
/media/filippo/DATA/Programmazione/STM/MINE/Test_Encoder_02/Debug
arm-none-eabi-gcc -mcpu=cortex-m4 -mthumb -mfloat-abi=hard -mfpu=fpv4-sp-d16 '-D__weak=__attribute__((weak))' '-D__packed="__attribute__((__packed__))"' -DUSE_HAL_DRIVER -DSTM32F446xx -I"/media/filippo/DATA/Programmazione/STM/MINE/Test_Encoder_02/Inc" -I"/media/filippo/DATA/Programmazione/STM/MINE/Test_Encoder_02/Drivers/STM32F4xx_HAL_Driver/Inc" -I"/media/filippo/DATA/Programmazione/STM/MINE/Test_Encoder_02/Drivers/STM32F4xx_HAL_Driver/Inc/Legacy" -I"/media/filippo/DATA/Programmazione/STM/MINE/Test_Encoder_02/Drivers/CMSIS/Device/ST/STM32F4xx/Include" -I"/media/filippo/DATA/Programmazione/STM/MINE/Test_Encoder_02/Drivers/CMSIS/Include"  -Og -g3 -Wall -fmessage-length=0 -ffunction-sections -c -fmessage-length=0 -MMD -MP -MF"Drivers/STM32F4xx_HAL_Driver/Src/stm32f4xx_hal_flash_ramfunc.d" -MT"Drivers/STM32F4xx_HAL_Driver/Src/stm32f4xx_hal_flash_ramfunc.o" -o "Drivers/STM32F4xx_HAL_Driver/Src/stm32f4xx_hal_flash_ramfunc.o" "../Drivers/STM32F4xx_HAL_Driver/Src/stm32f4xx_hal_flash_ramfunc.c"
Finished building: ../Drivers/STM32F4xx_HAL_Driver/Src/stm32f4xx_hal_flash_ramfunc.c
 
Building file: ../Drivers/STM32F4xx_HAL_Driver/Src/stm32f4xx_hal_gpio.c
Invoking: MCU GCC Compiler
/media/filippo/DATA/Programmazione/STM/MINE/Test_Encoder_02/Debug
arm-none-eabi-gcc -mcpu=cortex-m4 -mthumb -mfloat-abi=hard -mfpu=fpv4-sp-d16 '-D__weak=__attribute__((weak))' '-D__packed="__attribute__((__packed__))"' -DUSE_HAL_DRIVER -DSTM32F446xx -I"/media/filippo/DATA/Programmazione/STM/MINE/Test_Encoder_02/Inc" -I"/media/filippo/DATA/Programmazione/STM/MINE/Test_Encoder_02/Drivers/STM32F4xx_HAL_Driver/Inc" -I"/media/filippo/DATA/Programmazione/STM/MINE/Test_Encoder_02/Drivers/STM32F4xx_HAL_Driver/Inc/Legacy" -I"/media/filippo/DATA/Programmazione/STM/MINE/Test_Encoder_02/Drivers/CMSIS/Device/ST/STM32F4xx/Include" -I"/media/filippo/DATA/Programmazione/STM/MINE/Test_Encoder_02/Drivers/CMSIS/Include"  -Og -g3 -Wall -fmessage-length=0 -ffunction-sections -c -fmessage-length=0 -MMD -MP -MF"Drivers/STM32F4xx_HAL_Driver/Src/stm32f4xx_hal_gpio.d" -MT"Drivers/STM32F4xx_HAL_Driver/Src/stm32f4xx_hal_gpio.o" -o "Drivers/STM32F4xx_HAL_Driver/Src/stm32f4xx_hal_gpio.o" "../Drivers/STM32F4xx_HAL_Driver/Src/stm32f4xx_hal_gpio.c"
Finished building: ../Drivers/STM32F4xx_HAL_Driver/Src/stm32f4xx_hal_gpio.c
 
Building file: ../Drivers/STM32F4xx_HAL_Driver/Src/stm32f4xx_hal_pwr.c
Invoking: MCU GCC Compiler
/media/filippo/DATA/Programmazione/STM/MINE/Test_Encoder_02/Debug
arm-none-eabi-gcc -mcpu=cortex-m4 -mthumb -mfloat-abi=hard -mfpu=fpv4-sp-d16 '-D__weak=__attribute__((weak))' '-D__packed="__attribute__((__packed__))"' -DUSE_HAL_DRIVER -DSTM32F446xx -I"/media/filippo/DATA/Programmazione/STM/MINE/Test_Encoder_02/Inc" -I"/media/filippo/DATA/Programmazione/STM/MINE/Test_Encoder_02/Drivers/STM32F4xx_HAL_Driver/Inc" -I"/media/filippo/DATA/Programmazione/STM/MINE/Test_Encoder_02/Drivers/STM32F4xx_HAL_Driver/Inc/Legacy" -I"/media/filippo/DATA/Programmazione/STM/MINE/Test_Encoder_02/Drivers/CMSIS/Device/ST/STM32F4xx/Include" -I"/media/filippo/DATA/Programmazione/STM/MINE/Test_Encoder_02/Drivers/CMSIS/Include"  -Og -g3 -Wall -fmessage-length=0 -ffunction-sections -c -fmessage-length=0 -MMD -MP -MF"Drivers/STM32F4xx_HAL_Driver/Src/stm32f4xx_hal_pwr.d" -MT"Drivers/STM32F4xx_HAL_Driver/Src/stm32f4xx_hal_pwr.o" -o "Drivers/STM32F4xx_HAL_Driver/Src/stm32f4xx_hal_pwr.o" "../Drivers/STM32F4xx_HAL_Driver/Src/stm32f4xx_hal_pwr.c"
Finished building: ../Drivers/STM32F4xx_HAL_Driver/Src/stm32f4xx_hal_pwr.c
 
Building file: ../Drivers/STM32F4xx_HAL_Driver/Src/stm32f4xx_hal_pwr_ex.c
Invoking: MCU GCC Compiler
/media/filippo/DATA/Programmazione/STM/MINE/Test_Encoder_02/Debug
arm-none-eabi-gcc -mcpu=cortex-m4 -mthumb -mfloat-abi=hard -mfpu=fpv4-sp-d16 '-D__weak=__attribute__((weak))' '-D__packed="__attribute__((__packed__))"' -DUSE_HAL_DRIVER -DSTM32F446xx -I"/media/filippo/DATA/Programmazione/STM/MINE/Test_Encoder_02/Inc" -I"/media/filippo/DATA/Programmazione/STM/MINE/Test_Encoder_02/Drivers/STM32F4xx_HAL_Driver/Inc" -I"/media/filippo/DATA/Programmazione/STM/MINE/Test_Encoder_02/Drivers/STM32F4xx_HAL_Driver/Inc/Legacy" -I"/media/filippo/DATA/Programmazione/STM/MINE/Test_Encoder_02/Drivers/CMSIS/Device/ST/STM32F4xx/Include" -I"/media/filippo/DATA/Programmazione/STM/MINE/Test_Encoder_02/Drivers/CMSIS/Include"  -Og -g3 -Wall -fmessage-length=0 -ffunction-sections -c -fmessage-length=0 -MMD -MP -MF"Drivers/STM32F4xx_HAL_Driver/Src/stm32f4xx_hal_pwr_ex.d" -MT"Drivers/STM32F4xx_HAL_Driver/Src/stm32f4xx_hal_pwr_ex.o" -o "Drivers/STM32F4xx_HAL_Driver/Src/stm32f4xx_hal_pwr_ex.o" "../Drivers/STM32F4xx_HAL_Driver/Src/stm32f4xx_hal_pwr_ex.c"
Finished building: ../Drivers/STM32F4xx_HAL_Driver/Src/stm32f4xx_hal_pwr_ex.c
 
Building file: ../Drivers/STM32F4xx_HAL_Driver/Src/stm32f4xx_hal_rcc.c
Invoking: MCU GCC Compiler
/media/filippo/DATA/Programmazione/STM/MINE/Test_Encoder_02/Debug
arm-none-eabi-gcc -mcpu=cortex-m4 -mthumb -mfloat-abi=hard -mfpu=fpv4-sp-d16 '-D__weak=__attribute__((weak))' '-D__packed="__attribute__((__packed__))"' -DUSE_HAL_DRIVER -DSTM32F446xx -I"/media/filippo/DATA/Programmazione/STM/MINE/Test_Encoder_02/Inc" -I"/media/filippo/DATA/Programmazione/STM/MINE/Test_Encoder_02/Drivers/STM32F4xx_HAL_Driver/Inc" -I"/media/filippo/DATA/Programmazione/STM/MINE/Test_Encoder_02/Drivers/STM32F4xx_HAL_Driver/Inc/Legacy" -I"/media/filippo/DATA/Programmazione/STM/MINE/Test_Encoder_02/Drivers/CMSIS/Device/ST/STM32F4xx/Include" -I"/media/filippo/DATA/Programmazione/STM/MINE/Test_Encoder_02/Drivers/CMSIS/Include"  -Og -g3 -Wall -fmessage-length=0 -ffunction-sections -c -fmessage-length=0 -MMD -MP -MF"Drivers/STM32F4xx_HAL_Driver/Src/stm32f4xx_hal_rcc.d" -MT"Drivers/STM32F4xx_HAL_Driver/Src/stm32f4xx_hal_rcc.o" -o "Drivers/STM32F4xx_HAL_Driver/Src/stm32f4xx_hal_rcc.o" "../Drivers/STM32F4xx_HAL_Driver/Src/stm32f4xx_hal_rcc.c"
Finished building: ../Drivers/STM32F4xx_HAL_Driver/Src/stm32f4xx_hal_rcc.c
 
Building file: ../Drivers/STM32F4xx_HAL_Driver/Src/stm32f4xx_hal_rcc_ex.c
Invoking: MCU GCC Compiler
/media/filippo/DATA/Programmazione/STM/MINE/Test_Encoder_02/Debug
arm-none-eabi-gcc -mcpu=cortex-m4 -mthumb -mfloat-abi=hard -mfpu=fpv4-sp-d16 '-D__weak=__attribute__((weak))' '-D__packed="__attribute__((__packed__))"' -DUSE_HAL_DRIVER -DSTM32F446xx -I"/media/filippo/DATA/Programmazione/STM/MINE/Test_Encoder_02/Inc" -I"/media/filippo/DATA/Programmazione/STM/MINE/Test_Encoder_02/Drivers/STM32F4xx_HAL_Driver/Inc" -I"/media/filippo/DATA/Programmazione/STM/MINE/Test_Encoder_02/Drivers/STM32F4xx_HAL_Driver/Inc/Legacy" -I"/media/filippo/DATA/Programmazione/STM/MINE/Test_Encoder_02/Drivers/CMSIS/Device/ST/STM32F4xx/Include" -I"/media/filippo/DATA/Programmazione/STM/MINE/Test_Encoder_02/Drivers/CMSIS/Include"  -Og -g3 -Wall -fmessage-length=0 -ffunction-sections -c -fmessage-length=0 -MMD -MP -MF"Drivers/STM32F4xx_HAL_Driver/Src/stm32f4xx_hal_rcc_ex.d" -MT"Drivers/STM32F4xx_HAL_Driver/Src/stm32f4xx_hal_rcc_ex.o" -o "Drivers/STM32F4xx_HAL_Driver/Src/stm32f4xx_hal_rcc_ex.o" "../Drivers/STM32F4xx_HAL_Driver/Src/stm32f4xx_hal_rcc_ex.c"
Finished building: ../Drivers/STM32F4xx_HAL_Driver/Src/stm32f4xx_hal_rcc_ex.c
 
Building file: ../Drivers/STM32F4xx_HAL_Driver/Src/stm32f4xx_hal_tim.c
Invoking: MCU GCC Compiler
/media/filippo/DATA/Programmazione/STM/MINE/Test_Encoder_02/Debug
arm-none-eabi-gcc -mcpu=cortex-m4 -mthumb -mfloat-abi=hard -mfpu=fpv4-sp-d16 '-D__weak=__attribute__((weak))' '-D__packed="__attribute__((__packed__))"' -DUSE_HAL_DRIVER -DSTM32F446xx -I"/media/filippo/DATA/Programmazione/STM/MINE/Test_Encoder_02/Inc" -I"/media/filippo/DATA/Programmazione/STM/MINE/Test_Encoder_02/Drivers/STM32F4xx_HAL_Driver/Inc" -I"/media/filippo/DATA/Programmazione/STM/MINE/Test_Encoder_02/Drivers/STM32F4xx_HAL_Driver/Inc/Legacy" -I"/media/filippo/DATA/Programmazione/STM/MINE/Test_Encoder_02/Drivers/CMSIS/Device/ST/STM32F4xx/Include" -I"/media/filippo/DATA/Programmazione/STM/MINE/Test_Encoder_02/Drivers/CMSIS/Include"  -Og -g3 -Wall -fmessage-length=0 -ffunction-sections -c -fmessage-length=0 -MMD -MP -MF"Drivers/STM32F4xx_HAL_Driver/Src/stm32f4xx_hal_tim.d" -MT"Drivers/STM32F4xx_HAL_Driver/Src/stm32f4xx_hal_tim.o" -o "Drivers/STM32F4xx_HAL_Driver/Src/stm32f4xx_hal_tim.o" "../Drivers/STM32F4xx_HAL_Driver/Src/stm32f4xx_hal_tim.c"
Finished building: ../Drivers/STM32F4xx_HAL_Driver/Src/stm32f4xx_hal_tim.c
 
Building file: ../Drivers/STM32F4xx_HAL_Driver/Src/stm32f4xx_hal_tim_ex.c
Invoking: MCU GCC Compiler
/media/filippo/DATA/Programmazione/STM/MINE/Test_Encoder_02/Debug
arm-none-eabi-gcc -mcpu=cortex-m4 -mthumb -mfloat-abi=hard -mfpu=fpv4-sp-d16 '-D__weak=__attribute__((weak))' '-D__packed="__attribute__((__packed__))"' -DUSE_HAL_DRIVER -DSTM32F446xx -I"/media/filippo/DATA/Programmazione/STM/MINE/Test_Encoder_02/Inc" -I"/media/filippo/DATA/Programmazione/STM/MINE/Test_Encoder_02/Drivers/STM32F4xx_HAL_Driver/Inc" -I"/media/filippo/DATA/Programmazione/STM/MINE/Test_Encoder_02/Drivers/STM32F4xx_HAL_Driver/Inc/Legacy" -I"/media/filippo/DATA/Programmazione/STM/MINE/Test_Encoder_02/Drivers/CMSIS/Device/ST/STM32F4xx/Include" -I"/media/filippo/DATA/Programmazione/STM/MINE/Test_Encoder_02/Drivers/CMSIS/Include"  -Og -g3 -Wall -fmessage-length=0 -ffunction-sections -c -fmessage-length=0 -MMD -MP -MF"Drivers/STM32F4xx_HAL_Driver/Src/stm32f4xx_hal_tim_ex.d" -MT"Drivers/STM32F4xx_HAL_Driver/Src/stm32f4xx_hal_tim_ex.o" -o "Drivers/STM32F4xx_HAL_Driver/Src/stm32f4xx_hal_tim_ex.o" "../Drivers/STM32F4xx_HAL_Driver/Src/stm32f4xx_hal_tim_ex.c"
Finished building: ../Drivers/STM32F4xx_HAL_Driver/Src/stm32f4xx_hal_tim_ex.c
 
Building file: ../Drivers/STM32F4xx_HAL_Driver/Src/stm32f4xx_hal_uart.c
Invoking: MCU GCC Compiler
/media/filippo/DATA/Programmazione/STM/MINE/Test_Encoder_02/Debug
arm-none-eabi-gcc -mcpu=cortex-m4 -mthumb -mfloat-abi=hard -mfpu=fpv4-sp-d16 '-D__weak=__attribute__((weak))' '-D__packed="__attribute__((__packed__))"' -DUSE_HAL_DRIVER -DSTM32F446xx -I"/media/filippo/DATA/Programmazione/STM/MINE/Test_Encoder_02/Inc" -I"/media/filippo/DATA/Programmazione/STM/MINE/Test_Encoder_02/Drivers/STM32F4xx_HAL_Driver/Inc" -I"/media/filippo/DATA/Programmazione/STM/MINE/Test_Encoder_02/Drivers/STM32F4xx_HAL_Driver/Inc/Legacy" -I"/media/filippo/DATA/Programmazione/STM/MINE/Test_Encoder_02/Drivers/CMSIS/Device/ST/STM32F4xx/Include" -I"/media/filippo/DATA/Programmazione/STM/MINE/Test_Encoder_02/Drivers/CMSIS/Include"  -Og -g3 -Wall -fmessage-length=0 -ffunction-sections -c -fmessage-length=0 -MMD -MP -MF"Drivers/STM32F4xx_HAL_Driver/Src/stm32f4xx_hal_uart.d" -MT"Drivers/STM32F4xx_HAL_Driver/Src/stm32f4xx_hal_uart.o" -o "Drivers/STM32F4xx_HAL_Driver/Src/stm32f4xx_hal_uart.o" "../Drivers/STM32F4xx_HAL_Driver/Src/stm32f4xx_hal_uart.c"
Finished building: ../Drivers/STM32F4xx_HAL_Driver/Src/stm32f4xx_hal_uart.c
 
Building target: Test_Encoder_02.elf
Invoking: MCU GCC Linker
arm-none-eabi-gcc -mcpu=cortex-m4 -mthumb -mfloat-abi=hard -mfpu=fpv4-sp-d16 -specs=nosys.specs -specs=nano.specs -T"../STM32F446RETx_FLASH.ld" -Wl,-Map=output.map -Wl,--gc-sections -o "Test_Encoder_02.elf" @"objects.list"   -lm
Finished building target: Test_Encoder_02.elf
 
make --no-print-directory post-build
Generating hex and Printing size information:
arm-none-eabi-objcopy -O ihex "Test_Encoder_02.elf" "Test_Encoder_02.hex"
arm-none-eabi-size "Test_Encoder_02.elf"
   text	   data	    bss	    dec	    hex	filename
  13552	    140	   2176	  15868	   3dfc	Test_Encoder_02.elf
 
17:58:51 **** Incremental Build of configuration Debug for project Test_Encoder_02 ****
make all 
Building file: ../Src/main.c
Invoking: MCU GCC Compiler
/media/filippo/DATA/Programmazione/STM/MINE/Test_Encoder_02/Debug
arm-none-eabi-gcc -mcpu=cortex-m4 -mthumb -mfloat-abi=hard -mfpu=fpv4-sp-d16 '-D__weak=__attribute__((weak))' '-D__packed="__attribute__((__packed__))"' -DUSE_HAL_DRIVER -DSTM32F446xx -I"/media/filippo/DATA/Programmazione/STM/MINE/Test_Encoder_02/Inc" -I"/media/filippo/DATA/Programmazione/STM/MINE/Test_Encoder_02/Drivers/STM32F4xx_HAL_Driver/Inc" -I"/media/filippo/DATA/Programmazione/STM/MINE/Test_Encoder_02/Drivers/STM32F4xx_HAL_Driver/Inc/Legacy" -I"/media/filippo/DATA/Programmazione/STM/MINE/Test_Encoder_02/Drivers/CMSIS/Device/ST/STM32F4xx/Include" -I"/media/filippo/DATA/Programmazione/STM/MINE/Test_Encoder_02/Drivers/CMSIS/Include"  -Og -g3 -Wall -fmessage-length=0 -ffunction-sections -c -fmessage-length=0 -MMD -MP -MF"Src/main.d" -MT"Src/main.o" -o "Src/main.o" "../Src/main.c"
../Src/main.c:61:26: warning: 's_TimerInstance' defined but not used [-Wunused-variable]
 static TIM_HandleTypeDef s_TimerInstance = {.Instance = TIM2};
                          ^~~~~~~~~~~~~~~
Finished building: ../Src/main.c
 
Building target: Test_Encoder_02.elf
Invoking: MCU GCC Linker
arm-none-eabi-gcc -mcpu=cortex-m4 -mthumb -mfloat-abi=hard -mfpu=fpv4-sp-d16 -specs=nosys.specs -specs=nano.specs -T"../STM32F446RETx_FLASH.ld" -Wl,-Map=output.map -Wl,--gc-sections -o "Test_Encoder_02.elf" @"objects.list"   -lm
Finished building target: Test_Encoder_02.elf
 
make --no-print-directory post-build
Generating hex and Printing size information:
arm-none-eabi-objcopy -O ihex "Test_Encoder_02.elf" "Test_Encoder_02.hex"
arm-none-eabi-size "Test_Encoder_02.elf"
   text	   data	    bss	    dec	    hex	filename
  13568	    140	   2176	  15884	   3e0c	Test_Encoder_02.elf
 
17:59:22 **** Incremental Build of configuration Debug for project Test_Encoder_02 ****
make all 
Building file: ../Src/main.c
Invoking: MCU GCC Compiler
/media/filippo/DATA/Programmazione/STM/MINE/Test_Encoder_02/Debug
arm-none-eabi-gcc -mcpu=cortex-m4 -mthumb -mfloat-abi=hard -mfpu=fpv4-sp-d16 '-D__weak=__attribute__((weak))' '-D__packed="__attribute__((__packed__))"' -DUSE_HAL_DRIVER -DSTM32F446xx -I"/media/filippo/DATA/Programmazione/STM/MINE/Test_Encoder_02/Inc" -I"/media/filippo/DATA/Programmazione/STM/MINE/Test_Encoder_02/Drivers/STM32F4xx_HAL_Driver/Inc" -I"/media/filippo/DATA/Programmazione/STM/MINE/Test_Encoder_02/Drivers/STM32F4xx_HAL_Driver/Inc/Legacy" -I"/media/filippo/DATA/Programmazione/STM/MINE/Test_Encoder_02/Drivers/CMSIS/Device/ST/STM32F4xx/Include" -I"/media/filippo/DATA/Programmazione/STM/MINE/Test_Encoder_02/Drivers/CMSIS/Include"  -Og -g3 -Wall -fmessage-length=0 -ffunction-sections -c -fmessage-length=0 -MMD -MP -MF"Src/main.d" -MT"Src/main.o" -o "Src/main.o" "../Src/main.c"
../Src/main.c:61:26: warning: 's_TimerInstance' defined but not used [-Wunused-variable]
 static TIM_HandleTypeDef s_TimerInstance = {.Instance = TIM2};
                          ^~~~~~~~~~~~~~~
Finished building: ../Src/main.c
 
Building target: Test_Encoder_02.elf
Invoking: MCU GCC Linker
arm-none-eabi-gcc -mcpu=cortex-m4 -mthumb -mfloat-abi=hard -mfpu=fpv4-sp-d16 -specs=nosys.specs -specs=nano.specs -T"../STM32F446RETx_FLASH.ld" -Wl,-Map=output.map -Wl,--gc-sections -o "Test_Encoder_02.elf" @"objects.list"   -lm
Finished building target: Test_Encoder_02.elf
 
make --no-print-directory post-build
Generating hex and Printing size information:
arm-none-eabi-objcopy -O ihex "Test_Encoder_02.elf" "Test_Encoder_02.hex"
arm-none-eabi-size "Test_Encoder_02.elf"
   text	   data	    bss	    dec	    hex	filename
  13536	    140	   2176	  15852	   3dec	Test_Encoder_02.elf
 
17:59:42 **** Incremental Build of configuration Debug for project Test_Encoder_02 ****
make all 
Building file: ../Src/main.c
Invoking: MCU GCC Compiler
/media/filippo/DATA/Programmazione/STM/MINE/Test_Encoder_02/Debug
arm-none-eabi-gcc -mcpu=cortex-m4 -mthumb -mfloat-abi=hard -mfpu=fpv4-sp-d16 '-D__weak=__attribute__((weak))' '-D__packed="__attribute__((__packed__))"' -DUSE_HAL_DRIVER -DSTM32F446xx -I"/media/filippo/DATA/Programmazione/STM/MINE/Test_Encoder_02/Inc" -I"/media/filippo/DATA/Programmazione/STM/MINE/Test_Encoder_02/Drivers/STM32F4xx_HAL_Driver/Inc" -I"/media/filippo/DATA/Programmazione/STM/MINE/Test_Encoder_02/Drivers/STM32F4xx_HAL_Driver/Inc/Legacy" -I"/media/filippo/DATA/Programmazione/STM/MINE/Test_Encoder_02/Drivers/CMSIS/Device/ST/STM32F4xx/Include" -I"/media/filippo/DATA/Programmazione/STM/MINE/Test_Encoder_02/Drivers/CMSIS/Include"  -Og -g3 -Wall -fmessage-length=0 -ffunction-sections -c -fmessage-length=0 -MMD -MP -MF"Src/main.d" -MT"Src/main.o" -o "Src/main.o" "../Src/main.c"
../Src/main.c:61:26: warning: 's_TimerInstance' defined but not used [-Wunused-variable]
 static TIM_HandleTypeDef s_TimerInstance = {.Instance = TIM2};
                          ^~~~~~~~~~~~~~~
Finished building: ../Src/main.c
 
Building target: Test_Encoder_02.elf
Invoking: MCU GCC Linker
arm-none-eabi-gcc -mcpu=cortex-m4 -mthumb -mfloat-abi=hard -mfpu=fpv4-sp-d16 -specs=nosys.specs -specs=nano.specs -T"../STM32F446RETx_FLASH.ld" -Wl,-Map=output.map -Wl,--gc-sections -o "Test_Encoder_02.elf" @"objects.list"   -lm
Finished building target: Test_Encoder_02.elf
 
make --no-print-directory post-build
Generating hex and Printing size information:
arm-none-eabi-objcopy -O ihex "Test_Encoder_02.elf" "Test_Encoder_02.hex"
arm-none-eabi-size "Test_Encoder_02.elf"
   text	   data	    bss	    dec	    hex	filename
  13536	    140	   2176	  15852	   3dec	Test_Encoder_02.elf
 
18:01:48 **** Incremental Build of configuration Debug for project Test_Encoder_02 ****
make all 
Building file: ../Src/main.c
Invoking: MCU GCC Compiler
/media/filippo/DATA/Programmazione/STM/MINE/Test_Encoder_02/Debug
arm-none-eabi-gcc -mcpu=cortex-m4 -mthumb -mfloat-abi=hard -mfpu=fpv4-sp-d16 '-D__weak=__attribute__((weak))' '-D__packed="__attribute__((__packed__))"' -DUSE_HAL_DRIVER -DSTM32F446xx -I"/media/filippo/DATA/Programmazione/STM/MINE/Test_Encoder_02/Inc" -I"/media/filippo/DATA/Programmazione/STM/MINE/Test_Encoder_02/Drivers/STM32F4xx_HAL_Driver/Inc" -I"/media/filippo/DATA/Programmazione/STM/MINE/Test_Encoder_02/Drivers/STM32F4xx_HAL_Driver/Inc/Legacy" -I"/media/filippo/DATA/Programmazione/STM/MINE/Test_Encoder_02/Drivers/CMSIS/Device/ST/STM32F4xx/Include" -I"/media/filippo/DATA/Programmazione/STM/MINE/Test_Encoder_02/Drivers/CMSIS/Include"  -Og -g3 -Wall -fmessage-length=0 -ffunction-sections -c -fmessage-length=0 -MMD -MP -MF"Src/main.d" -MT"Src/main.o" -o "Src/main.o" "../Src/main.c"
../Src/main.c:61:26: warning: 's_TimerInstance' defined but not used [-Wunused-variable]
 static TIM_HandleTypeDef s_TimerInstance = {.Instance = TIM2};
                          ^~~~~~~~~~~~~~~
Finished building: ../Src/main.c
 
Building target: Test_Encoder_02.elf
Invoking: MCU GCC Linker
arm-none-eabi-gcc -mcpu=cortex-m4 -mthumb -mfloat-abi=hard -mfpu=fpv4-sp-d16 -specs=nosys.specs -specs=nano.specs -T"../STM32F446RETx_FLASH.ld" -Wl,-Map=output.map -Wl,--gc-sections -o "Test_Encoder_02.elf" @"objects.list"   -lm
Finished building target: Test_Encoder_02.elf
 
make --no-print-directory post-build
Generating hex and Printing size information:
arm-none-eabi-objcopy -O ihex "Test_Encoder_02.elf" "Test_Encoder_02.hex"
arm-none-eabi-size "Test_Encoder_02.elf"
   text	   data	    bss	    dec	    hex	filename
  13536	    140	   2176	  15852	   3dec	Test_Encoder_02.elf
 
18:02:34 **** Incremental Build of configuration Debug for project Test_Encoder_02 ****
make all 
Building file: ../Src/main.c
Invoking: MCU GCC Compiler
/media/filippo/DATA/Programmazione/STM/MINE/Test_Encoder_02/Debug
arm-none-eabi-gcc -mcpu=cortex-m4 -mthumb -mfloat-abi=hard -mfpu=fpv4-sp-d16 '-D__weak=__attribute__((weak))' '-D__packed="__attribute__((__packed__))"' -DUSE_HAL_DRIVER -DSTM32F446xx -I"/media/filippo/DATA/Programmazione/STM/MINE/Test_Encoder_02/Inc" -I"/media/filippo/DATA/Programmazione/STM/MINE/Test_Encoder_02/Drivers/STM32F4xx_HAL_Driver/Inc" -I"/media/filippo/DATA/Programmazione/STM/MINE/Test_Encoder_02/Drivers/STM32F4xx_HAL_Driver/Inc/Legacy" -I"/media/filippo/DATA/Programmazione/STM/MINE/Test_Encoder_02/Drivers/CMSIS/Device/ST/STM32F4xx/Include" -I"/media/filippo/DATA/Programmazione/STM/MINE/Test_Encoder_02/Drivers/CMSIS/Include"  -Og -g3 -Wall -fmessage-length=0 -ffunction-sections -c -fmessage-length=0 -MMD -MP -MF"Src/main.d" -MT"Src/main.o" -o "Src/main.o" "../Src/main.c"
../Src/main.c:61:26: warning: 's_TimerInstance' defined but not used [-Wunused-variable]
 static TIM_HandleTypeDef s_TimerInstance = {.Instance = TIM2};
                          ^~~~~~~~~~~~~~~
Finished building: ../Src/main.c
 
Building target: Test_Encoder_02.elf
Invoking: MCU GCC Linker
arm-none-eabi-gcc -mcpu=cortex-m4 -mthumb -mfloat-abi=hard -mfpu=fpv4-sp-d16 -specs=nosys.specs -specs=nano.specs -T"../STM32F446RETx_FLASH.ld" -Wl,-Map=output.map -Wl,--gc-sections -o "Test_Encoder_02.elf" @"objects.list"   -lm
Finished building target: Test_Encoder_02.elf
 
make --no-print-directory post-build
Generating hex and Printing size information:
arm-none-eabi-objcopy -O ihex "Test_Encoder_02.elf" "Test_Encoder_02.hex"
arm-none-eabi-size "Test_Encoder_02.elf"
   text	   data	    bss	    dec	    hex	filename
  13536	    140	   2176	  15852	   3dec	Test_Encoder_02.elf
 
18:03:02 **** Incremental Build of configuration Debug for project Test_Encoder_02 ****
make all 
Building file: ../Src/main.c
Invoking: MCU GCC Compiler
/media/filippo/DATA/Programmazione/STM/MINE/Test_Encoder_02/Debug
arm-none-eabi-gcc -mcpu=cortex-m4 -mthumb -mfloat-abi=hard -mfpu=fpv4-sp-d16 '-D__weak=__attribute__((weak))' '-D__packed="__attribute__((__packed__))"' -DUSE_HAL_DRIVER -DSTM32F446xx -I"/media/filippo/DATA/Programmazione/STM/MINE/Test_Encoder_02/Inc" -I"/media/filippo/DATA/Programmazione/STM/MINE/Test_Encoder_02/Drivers/STM32F4xx_HAL_Driver/Inc" -I"/media/filippo/DATA/Programmazione/STM/MINE/Test_Encoder_02/Drivers/STM32F4xx_HAL_Driver/Inc/Legacy" -I"/media/filippo/DATA/Programmazione/STM/MINE/Test_Encoder_02/Drivers/CMSIS/Device/ST/STM32F4xx/Include" -I"/media/filippo/DATA/Programmazione/STM/MINE/Test_Encoder_02/Drivers/CMSIS/Include"  -Og -g3 -Wall -fmessage-length=0 -ffunction-sections -c -fmessage-length=0 -MMD -MP -MF"Src/main.d" -MT"Src/main.o" -o "Src/main.o" "../Src/main.c"
../Src/main.c:61:26: warning: 's_TimerInstance' defined but not used [-Wunused-variable]
 static TIM_HandleTypeDef s_TimerInstance = {.Instance = TIM2};
                          ^~~~~~~~~~~~~~~
Finished building: ../Src/main.c
 
Building target: Test_Encoder_02.elf
Invoking: MCU GCC Linker
arm-none-eabi-gcc -mcpu=cortex-m4 -mthumb -mfloat-abi=hard -mfpu=fpv4-sp-d16 -specs=nosys.specs -specs=nano.specs -T"../STM32F446RETx_FLASH.ld" -Wl,-Map=output.map -Wl,--gc-sections -o "Test_Encoder_02.elf" @"objects.list"   -lm
Finished building target: Test_Encoder_02.elf
 
make --no-print-directory post-build
Generating hex and Printing size information:
arm-none-eabi-objcopy -O ihex "Test_Encoder_02.elf" "Test_Encoder_02.hex"
arm-none-eabi-size "Test_Encoder_02.elf"
   text	   data	    bss	    dec	    hex	filename
  13536	    140	   2176	  15852	   3dec	Test_Encoder_02.elf
 
18:03:32 **** Incremental Build of configuration Debug for project Test_Encoder_02 ****
make all 
Building file: ../Src/main.c
Invoking: MCU GCC Compiler
/media/filippo/DATA/Programmazione/STM/MINE/Test_Encoder_02/Debug
arm-none-eabi-gcc -mcpu=cortex-m4 -mthumb -mfloat-abi=hard -mfpu=fpv4-sp-d16 '-D__weak=__attribute__((weak))' '-D__packed="__attribute__((__packed__))"' -DUSE_HAL_DRIVER -DSTM32F446xx -I"/media/filippo/DATA/Programmazione/STM/MINE/Test_Encoder_02/Inc" -I"/media/filippo/DATA/Programmazione/STM/MINE/Test_Encoder_02/Drivers/STM32F4xx_HAL_Driver/Inc" -I"/media/filippo/DATA/Programmazione/STM/MINE/Test_Encoder_02/Drivers/STM32F4xx_HAL_Driver/Inc/Legacy" -I"/media/filippo/DATA/Programmazione/STM/MINE/Test_Encoder_02/Drivers/CMSIS/Device/ST/STM32F4xx/Include" -I"/media/filippo/DATA/Programmazione/STM/MINE/Test_Encoder_02/Drivers/CMSIS/Include"  -Og -g3 -Wall -fmessage-length=0 -ffunction-sections -c -fmessage-length=0 -MMD -MP -MF"Src/main.d" -MT"Src/main.o" -o "Src/main.o" "../Src/main.c"
../Src/main.c:61:26: warning: 's_TimerInstance' defined but not used [-Wunused-variable]
 static TIM_HandleTypeDef s_TimerInstance = {.Instance = TIM2};
                          ^~~~~~~~~~~~~~~
Finished building: ../Src/main.c
 
Building target: Test_Encoder_02.elf
Invoking: MCU GCC Linker
arm-none-eabi-gcc -mcpu=cortex-m4 -mthumb -mfloat-abi=hard -mfpu=fpv4-sp-d16 -specs=nosys.specs -specs=nano.specs -T"../STM32F446RETx_FLASH.ld" -Wl,-Map=output.map -Wl,--gc-sections -o "Test_Encoder_02.elf" @"objects.list"   -lm
Finished building target: Test_Encoder_02.elf
 
make --no-print-directory post-build
Generating hex and Printing size information:
arm-none-eabi-objcopy -O ihex "Test_Encoder_02.elf" "Test_Encoder_02.hex"
arm-none-eabi-size "Test_Encoder_02.elf"
   text	   data	    bss	    dec	    hex	filename
  13536	    140	   2176	  15852	   3dec	Test_Encoder_02.elf
 
18:04:09 **** Incremental Build of configuration Debug for project Test_Encoder_02 ****
make all 
Building file: ../Src/main.c
Invoking: MCU GCC Compiler
/media/filippo/DATA/Programmazione/STM/MINE/Test_Encoder_02/Debug
arm-none-eabi-gcc -mcpu=cortex-m4 -mthumb -mfloat-abi=hard -mfpu=fpv4-sp-d16 '-D__weak=__attribute__((weak))' '-D__packed="__attribute__((__packed__))"' -DUSE_HAL_DRIVER -DSTM32F446xx -I"/media/filippo/DATA/Programmazione/STM/MINE/Test_Encoder_02/Inc" -I"/media/filippo/DATA/Programmazione/STM/MINE/Test_Encoder_02/Drivers/STM32F4xx_HAL_Driver/Inc" -I"/media/filippo/DATA/Programmazione/STM/MINE/Test_Encoder_02/Drivers/STM32F4xx_HAL_Driver/Inc/Legacy" -I"/media/filippo/DATA/Programmazione/STM/MINE/Test_Encoder_02/Drivers/CMSIS/Device/ST/STM32F4xx/Include" -I"/media/filippo/DATA/Programmazione/STM/MINE/Test_Encoder_02/Drivers/CMSIS/Include"  -Og -g3 -Wall -fmessage-length=0 -ffunction-sections -c -fmessage-length=0 -MMD -MP -MF"Src/main.d" -MT"Src/main.o" -o "Src/main.o" "../Src/main.c"
../Src/main.c:61:26: warning: 's_TimerInstance' defined but not used [-Wunused-variable]
 static TIM_HandleTypeDef s_TimerInstance = {.Instance = TIM2};
                          ^~~~~~~~~~~~~~~
Finished building: ../Src/main.c
 
Building target: Test_Encoder_02.elf
Invoking: MCU GCC Linker
arm-none-eabi-gcc -mcpu=cortex-m4 -mthumb -mfloat-abi=hard -mfpu=fpv4-sp-d16 -specs=nosys.specs -specs=nano.specs -T"../STM32F446RETx_FLASH.ld" -Wl,-Map=output.map -Wl,--gc-sections -o "Test_Encoder_02.elf" @"objects.list"   -lm
Finished building target: Test_Encoder_02.elf
 
make --no-print-directory post-build
Generating hex and Printing size information:
arm-none-eabi-objcopy -O ihex "Test_Encoder_02.elf" "Test_Encoder_02.hex"
arm-none-eabi-size "Test_Encoder_02.elf"
   text	   data	    bss	    dec	    hex	filename
  13536	    140	   2176	  15852	   3dec	Test_Encoder_02.elf
 
